To honour the JVM settings for this build a single-use Daemon process will be forked. For more on this, please refer to https://docs.gradle.org/9.8.0/userguide/gradle_daemon.html#sec:disabling_the_daemon in the Gradle documentation.
Daemon will be stopped at the end of the build 
Isolated Projects is an incubating feature.
Reusing configuration cache.
> Task :core:common:preBuild UP-TO-DATE
> Task :core:model:checkKotlinGradlePluginConfigurationErrors SKIPPED
> Task :core:common:preDebugBuild UP-TO-DATE
> Task :core:model:processResources NO-SOURCE
> Task :core:common:generateDebugResources UP-TO-DATE
> Task :core:common:processDebugNavigationResources UP-TO-DATE
> Task :core:common:javaPreCompileDebug UP-TO-DATE
> Task :core:data:preBuild UP-TO-DATE
> Task :core:data:preDebugBuild UP-TO-DATE
> Task :core:data:generateDebugResources UP-TO-DATE
> Task :core:common:packageDebugResources UP-TO-DATE
> Task :core:data:packageDebugResources UP-TO-DATE
> Task :core:data:processDebugNavigationResources UP-TO-DATE
> Task :core:common:parseDebugLocalResources UP-TO-DATE
> Task :core:data:parseDebugLocalResources UP-TO-DATE
> Task :core:common:generateDebugRFile UP-TO-DATE
> Task :core:model:compileKotlin UP-TO-DATE
> Task :core:data:generateDebugRFile UP-TO-DATE
> Task :core:database:preBuild UP-TO-DATE
> Task :core:database:preDebugBuild UP-TO-DATE
> Task :core:model:compileJava NO-SOURCE
> Task :core:model:classes UP-TO-DATE
> Task :core:database:generateDebugResources UP-TO-DATE
> Task :core:model:jar UP-TO-DATE
> Task :core:database:packageDebugResources UP-TO-DATE
> Task :core:database:processDebugNavigationResources UP-TO-DATE
> Task :core:database:parseDebugLocalResources UP-TO-DATE
> Task :core:database:javaPreCompileDebug UP-TO-DATE
> Task :core:database:generateDebugRFile UP-TO-DATE
> Task :core:data:javaPreCompileDebug UP-TO-DATE
> Task :core:designsystem:preBuild UP-TO-DATE
> Task :core:designsystem:preDebugBuild UP-TO-DATE
> Task :core:designsystem:generateDebugResources UP-TO-DATE
> Task :core:designsystem:packageDebugResources UP-TO-DATE
> Task :core:designsystem:processDebugNavigationResources UP-TO-DATE
> Task :core:designsystem:parseDebugLocalResources UP-TO-DATE
> Task :core:designsystem:generateDebugRFile UP-TO-DATE
> Task :core:common:kspDebugKotlin UP-TO-DATE
> Task :core:database:kspDebugKotlin UP-TO-DATE
> Task :core:database:compileDebugKotlin UP-TO-DATE
> Task :core:common:compileDebugKotlin UP-TO-DATE
> Task :core:designsystem:compileDebugKotlin UP-TO-DATE
> Task :core:common:processDebugJavaRes UP-TO-DATE
> Task :core:common:compileDebugJavaWithJavac UP-TO-DATE
> Task :core:database:compileDebugJavaWithJavac UP-TO-DATE
> Task :core:database:processDebugJavaRes UP-TO-DATE
> Task :core:database:copyRoomSchemas NO-SOURCE
> Task :core:designsystem:javaPreCompileDebug UP-TO-DATE
> Task :core:designsystem:compileDebugJavaWithJavac NO-SOURCE
> Task :core:designsystem:bundleLibRuntimeToJarDebug UP-TO-DATE
> Task :core:designsystem:processDebugJavaRes UP-TO-DATE
> Task :core:domain:preBuild UP-TO-DATE
> Task :core:domain:preDebugBuild UP-TO-DATE
> Task :core:domain:generateDebugResources UP-TO-DATE
> Task :core:domain:packageDebugResources UP-TO-DATE
> Task :core:domain:processDebugNavigationResources UP-TO-DATE
> Task :core:domain:parseDebugLocalResources UP-TO-DATE
> Task :core:domain:generateDebugRFile UP-TO-DATE
> Task :core:domain:javaPreCompileDebug UP-TO-DATE
> Task :core:navigation:preBuild UP-TO-DATE
> Task :core:navigation:preDebugBuild UP-TO-DATE
> Task :core:navigation:generateDebugResources UP-TO-DATE
> Task :core:common:transformDebugClassesWithAsm UP-TO-DATE
> Task :core:database:transformDebugClassesWithAsm UP-TO-DATE
> Task :core:common:bundleLibRuntimeToJarDebug UP-TO-DATE
> Task :core:common:bundleLibCompileToJarDebug UP-TO-DATE
> Task :core:navigation:packageDebugResources UP-TO-DATE
> Task :core:database:bundleLibCompileToJarDebug UP-TO-DATE
> Task :core:database:bundleLibRuntimeToJarDebug UP-TO-DATE
> Task :core:navigation:processDebugNavigationResources UP-TO-DATE
> Task :core:navigation:javaPreCompileDebug UP-TO-DATE
> Task :core:screenshot:preBuild UP-TO-DATE
> Task :core:screenshot:preDebugBuild UP-TO-DATE
> Task :core:navigation:parseDebugLocalResources UP-TO-DATE
> Task :core:screenshot:generateDebugResources UP-TO-DATE
> Task :core:navigation:generateDebugRFile UP-TO-DATE
> Task :core:screenshot:packageDebugResources UP-TO-DATE
> Task :core:screenshot:processDebugNavigationResources UP-TO-DATE
> Task :core:screenshot:parseDebugLocalResources UP-TO-DATE
> Task :core:screenshot:generateDebugRFile UP-TO-DATE
> Task :core:data:kspDebugKotlin UP-TO-DATE
> Task :core:data:compileDebugKotlin UP-TO-DATE
> Task :core:navigation:compileDebugKotlin UP-TO-DATE
> Task :core:data:processDebugJavaRes UP-TO-DATE
> Task :core:navigation:compileDebugJavaWithJavac NO-SOURCE
> Task :core:data:compileDebugJavaWithJavac UP-TO-DATE
> Task :core:navigation:bundleLibRuntimeToJarDebug UP-TO-DATE
> Task :core:navigation:processDebugJavaRes UP-TO-DATE
> Task :core:screenshot:javaPreCompileDebug UP-TO-DATE
> Task :core:testing:preBuild UP-TO-DATE
> Task :core:testing:preDebugBuild UP-TO-DATE
> Task :core:testing:generateDebugResources UP-TO-DATE
> Task :core:testing:packageDebugResources UP-TO-DATE
> Task :core:testing:processDebugNavigationResources UP-TO-DATE
> Task :core:testing:parseDebugLocalResources UP-TO-DATE
> Task :core:testing:generateDebugRFile UP-TO-DATE
> Task :core:screenshot:compileDebugKotlin UP-TO-DATE
> Task :core:testing:javaPreCompileDebug UP-TO-DATE
> Task :core:screenshot:compileDebugJavaWithJavac NO-SOURCE
> Task :core:screenshot:processDebugJavaRes UP-TO-DATE
> Task :core:screenshot:bundleLibRuntimeToJarDebug UP-TO-DATE
> Task :core:ui:preBuild UP-TO-DATE
> Task :core:ui:preDebugBuild UP-TO-DATE
> Task :core:designsystem:bundleLibCompileToJarDebug UP-TO-DATE
> Task :core:ui:generateDebugResources UP-TO-DATE
> Task :core:ui:processDebugNavigationResources UP-TO-DATE
> Task :core:ui:javaPreCompileDebug UP-TO-DATE
> Task :core:navigation:bundleLibCompileToJarDebug UP-TO-DATE
> Task :core:ui:packageDebugResources UP-TO-DATE
> Task :feature:applications:api:preBuild UP-TO-DATE
> Task :feature:applications:api:preDebugBuild UP-TO-DATE
> Task :core:ui:parseDebugLocalResources UP-TO-DATE
> Task :core:data:transformDebugClassesWithAsm UP-TO-DATE
> Task :feature:applications:api:generateDebugResources UP-TO-DATE
> Task :core:data:bundleLibRuntimeToJarDebug UP-TO-DATE
> Task :core:data:bundleLibCompileToJarDebug UP-TO-DATE
> Task :core:ui:generateDebugRFile UP-TO-DATE
> Task :feature:applications:api:packageDebugResources UP-TO-DATE
> Task :feature:applications:api:processDebugNavigationResources UP-TO-DATE
> Task :feature:applications:api:parseDebugLocalResources UP-TO-DATE
> Task :feature:applications:api:generateDebugRFile UP-TO-DATE
> Task :core:ui:compileDebugKotlin UP-TO-DATE
> Task :core:ui:compileDebugJavaWithJavac NO-SOURCE
> Task :core:ui:bundleLibRuntimeToJarDebug UP-TO-DATE
> Task :core:domain:kspDebugKotlin UP-TO-DATE
> Task :feature:applications:api:compileDebugKotlin UP-TO-DATE
> Task :core:ui:processDebugJavaRes UP-TO-DATE
> Task :feature:applications:api:javaPreCompileDebug UP-TO-DATE
> Task :feature:applications:api:compileDebugJavaWithJavac NO-SOURCE
> Task :feature:applications:api:processDebugJavaRes UP-TO-DATE
> Task :feature:profile:api:preBuild UP-TO-DATE
> Task :feature:profile:api:preDebugBuild UP-TO-DATE
> Task :feature:applications:api:bundleLibRuntimeToJarDebug UP-TO-DATE
> Task :feature:profile:api:generateDebugResources UP-TO-DATE
> Task :feature:profile:api:processDebugNavigationResources UP-TO-DATE
> Task :feature:profile:api:javaPreCompileDebug UP-TO-DATE
> Task :feature:tailor:api:preBuild UP-TO-DATE
> Task :feature:tailor:api:preDebugBuild UP-TO-DATE
> Task :feature:profile:api:packageDebugResources UP-TO-DATE
> Task :feature:tailor:api:generateDebugResources UP-TO-DATE
> Task :feature:profile:api:parseDebugLocalResources UP-TO-DATE
> Task :feature:tailor:api:packageDebugResources UP-TO-DATE
> Task :feature:profile:api:generateDebugRFile UP-TO-DATE
> Task :feature:tailor:api:processDebugNavigationResources UP-TO-DATE
> Task :feature:tailor:api:parseDebugLocalResources UP-TO-DATE
> Task :feature:tailor:api:generateDebugRFile UP-TO-DATE
> Task :feature:profile:api:compileDebugKotlin UP-TO-DATE
> Task :feature:profile:api:compileDebugJavaWithJavac NO-SOURCE
> Task :feature:profile:api:bundleLibRuntimeToJarDebug UP-TO-DATE
> Task :feature:profile:api:processDebugJavaRes UP-TO-DATE
> Task :feature:tailor:api:compileDebugKotlin UP-TO-DATE
> Task :feature:tailor:api:javaPreCompileDebug UP-TO-DATE
> Task :core:domain:compileDebugKotlin UP-TO-DATE
> Task :feature:tailor:api:compileDebugJavaWithJavac NO-SOURCE
> Task :feature:tailor:api:bundleLibRuntimeToJarDebug UP-TO-DATE
> Task :core:domain:processDebugJavaRes UP-TO-DATE
> Task :feature:tailor:impl:preBuild UP-TO-DATE
> Task :feature:tailor:impl:preDebugBuild UP-TO-DATE
> Task :feature:tailor:api:processDebugJavaRes UP-TO-DATE
> Task :core:ui:bundleLibCompileToJarDebug UP-TO-DATE
> Task :feature:profile:api:bundleLibCompileToJarDebug UP-TO-DATE
> Task :feature:applications:api:bundleLibCompileToJarDebug UP-TO-DATE
> Task :core:domain:compileDebugJavaWithJavac UP-TO-DATE
> Task :feature:tailor:api:bundleLibCompileToJarDebug UP-TO-DATE
> Task :core:domain:transformDebugClassesWithAsm UP-TO-DATE
> Task :core:domain:bundleLibRuntimeToJarDebug UP-TO-DATE
> Task :core:domain:bundleLibCompileToJarDebug UP-TO-DATE
> Task :core:testing:compileDebugKotlin UP-TO-DATE
> Task :core:testing:compileDebugJavaWithJavac NO-SOURCE
> Task :core:testing:bundleLibRuntimeToJarDebug UP-TO-DATE
> Task :core:testing:processDebugJavaRes UP-TO-DATE
> Task :feature:tailor:impl:javaPreCompileDebug UP-TO-DATE
> Task :core:common:generateDebugAssets UP-TO-DATE
> Task :core:common:mergeDebugAssets UP-TO-DATE
> Task :core:data:generateDebugAssets UP-TO-DATE
> Task :core:data:mergeDebugAssets UP-TO-DATE
> Task :core:database:generateDebugAssets UP-TO-DATE
> Task :core:database:mergeDebugAssets UP-TO-DATE
> Task :core:designsystem:generateDebugAssets UP-TO-DATE
> Task :core:designsystem:mergeDebugAssets UP-TO-DATE
> Task :core:domain:generateDebugAssets UP-TO-DATE
> Task :core:domain:mergeDebugAssets UP-TO-DATE
> Task :core:navigation:generateDebugAssets UP-TO-DATE
> Task :core:navigation:mergeDebugAssets UP-TO-DATE
> Task :core:screenshot:generateDebugAssets UP-TO-DATE
> Task :core:screenshot:mergeDebugAssets UP-TO-DATE
> Task :core:testing:generateDebugAssets UP-TO-DATE
> Task :core:testing:mergeDebugAssets UP-TO-DATE
> Task :core:ui:generateDebugAssets UP-TO-DATE
> Task :core:ui:mergeDebugAssets UP-TO-DATE
> Task :feature:applications:api:generateDebugAssets UP-TO-DATE
> Task :feature:applications:api:mergeDebugAssets UP-TO-DATE
> Task :feature:profile:api:generateDebugAssets UP-TO-DATE
> Task :feature:profile:api:mergeDebugAssets UP-TO-DATE
> Task :feature:tailor:api:generateDebugAssets UP-TO-DATE
> Task :feature:tailor:api:mergeDebugAssets UP-TO-DATE
> Task :feature:tailor:impl:generateDebugUnitTestAssets UP-TO-DATE
> Task :feature:tailor:impl:generateDebugAssets UP-TO-DATE
> Task :feature:tailor:impl:mergeDebugAssets UP-TO-DATE
> Task :feature:tailor:impl:preDebugUnitTestBuild UP-TO-DATE
> Task :feature:tailor:impl:processDebugNavigationResources
> Task :feature:tailor:impl:generateDebugResources
> Task :core:common:mapDebugSourceSetPaths UP-TO-DATE
> Task :core:common:compileDebugLibraryResources UP-TO-DATE
> Task :core:data:mapDebugSourceSetPaths UP-TO-DATE
> Task :core:data:compileDebugLibraryResources UP-TO-DATE
> Task :core:database:mapDebugSourceSetPaths UP-TO-DATE
> Task :core:database:compileDebugLibraryResources UP-TO-DATE
> Task :core:designsystem:mapDebugSourceSetPaths UP-TO-DATE
> Task :core:designsystem:compileDebugLibraryResources UP-TO-DATE
> Task :core:domain:mapDebugSourceSetPaths UP-TO-DATE
> Task :core:domain:compileDebugLibraryResources UP-TO-DATE
> Task :core:navigation:mapDebugSourceSetPaths UP-TO-DATE
> Task :core:navigation:compileDebugLibraryResources UP-TO-DATE
> Task :core:screenshot:mapDebugSourceSetPaths UP-TO-DATE
> Task :core:screenshot:compileDebugLibraryResources UP-TO-DATE
> Task :core:testing:mapDebugSourceSetPaths UP-TO-DATE
> Task :core:testing:compileDebugLibraryResources UP-TO-DATE
> Task :core:ui:mapDebugSourceSetPaths UP-TO-DATE
> Task :core:ui:compileDebugLibraryResources UP-TO-DATE
> Task :feature:applications:api:mapDebugSourceSetPaths UP-TO-DATE
> Task :feature:applications:api:compileDebugLibraryResources UP-TO-DATE
> Task :feature:profile:api:mapDebugSourceSetPaths UP-TO-DATE
> Task :feature:profile:api:compileDebugLibraryResources UP-TO-DATE
> Task :feature:tailor:api:mapDebugSourceSetPaths UP-TO-DATE
> Task :feature:tailor:api:compileDebugLibraryResources UP-TO-DATE
> Task :core:common:writeDebugAarMetadata UP-TO-DATE
> Task :core:data:writeDebugAarMetadata UP-TO-DATE
> Task :core:database:writeDebugAarMetadata UP-TO-DATE
> Task :core:designsystem:writeDebugAarMetadata UP-TO-DATE
> Task :core:domain:writeDebugAarMetadata UP-TO-DATE
> Task :core:navigation:writeDebugAarMetadata UP-TO-DATE
> Task :core:screenshot:writeDebugAarMetadata UP-TO-DATE
> Task :core:testing:writeDebugAarMetadata UP-TO-DATE
> Task :core:ui:writeDebugAarMetadata UP-TO-DATE
> Task :feature:applications:api:writeDebugAarMetadata UP-TO-DATE
> Task :feature:profile:api:writeDebugAarMetadata UP-TO-DATE
> Task :feature:tailor:api:writeDebugAarMetadata UP-TO-DATE
> Task :feature:tailor:impl:writeDebugAarMetadata UP-TO-DATE
> Task :feature:tailor:impl:packageDebugResources
> Task :feature:tailor:impl:mergeDebugUnitTestAssets UP-TO-DATE
> Task :feature:tailor:impl:checkDebugUnitTestAarMetadata UP-TO-DATE
> Task :feature:tailor:impl:mapDebugUnitTestSourceSetPaths UP-TO-DATE
> Task :feature:tailor:impl:generateDebugUnitTestResources UP-TO-DATE
> Task :feature:tailor:impl:mapDebugSourceSetPaths
> Task :feature:tailor:impl:compileDebugLibraryResources
> Task :core:common:extractDeepLinksDebug UP-TO-DATE
> Task :core:common:processDebugManifest UP-TO-DATE
> Task :core:data:extractDeepLinksDebug UP-TO-DATE
> Task :core:data:processDebugManifest UP-TO-DATE
> Task :core:database:extractDeepLinksDebug UP-TO-DATE
> Task :core:database:processDebugManifest UP-TO-DATE
> Task :core:designsystem:extractDeepLinksDebug UP-TO-DATE
> Task :core:designsystem:processDebugManifest UP-TO-DATE
> Task :core:domain:extractDeepLinksDebug UP-TO-DATE
> Task :core:domain:processDebugManifest UP-TO-DATE
> Task :core:navigation:extractDeepLinksDebug UP-TO-DATE
> Task :core:navigation:processDebugManifest UP-TO-DATE
> Task :core:screenshot:extractDeepLinksDebug UP-TO-DATE
> Task :core:screenshot:processDebugManifest UP-TO-DATE
> Task :core:testing:extractDeepLinksDebug UP-TO-DATE
> Task :core:testing:processDebugManifest UP-TO-DATE
> Task :core:ui:extractDeepLinksDebug UP-TO-DATE
> Task :core:ui:processDebugManifest UP-TO-DATE
> Task :feature:applications:api:extractDeepLinksDebug UP-TO-DATE
> Task :feature:applications:api:processDebugManifest UP-TO-DATE
> Task :feature:profile:api:extractDeepLinksDebug UP-TO-DATE
> Task :feature:profile:api:processDebugManifest UP-TO-DATE
> Task :feature:tailor:api:extractDeepLinksDebug UP-TO-DATE
> Task :feature:tailor:api:processDebugManifest UP-TO-DATE
> Task :feature:tailor:impl:extractDeepLinksDebug UP-TO-DATE
> Task :feature:tailor:impl:parseDebugLocalResources
> Task :feature:tailor:impl:processDebugManifest UP-TO-DATE
> Task :feature:tailor:impl:generateDebugRFile
> Task :feature:tailor:impl:mergeDebugUnitTestManifest UP-TO-DATE
> Task :feature:tailor:impl:processDebugUnitTestManifest UP-TO-DATE
> Task :core:screenshot:bundleLibCompileToJarDebug UP-TO-DATE
> Task :core:testing:bundleLibCompileToJarDebug UP-TO-DATE
> Task :feature:tailor:impl:javaPreCompileDebugUnitTest UP-TO-DATE
> Task :feature:tailor:impl:mergeDebugUnitTestResources
> Task :feature:tailor:impl:processDebugUnitTestResources
> Task :feature:tailor:impl:packageDebugUnitTestForUnitTest
> Task :feature:tailor:impl:generateDebugUnitTestConfig
> Task :feature:tailor:impl:kspDebugKotlin
> Task :feature:tailor:impl:compileDebugKotlin
> Task :feature:tailor:impl:processDebugJavaRes UP-TO-DATE
> Task :feature:tailor:impl:compileDebugJavaWithJavac UP-TO-DATE
> Task :feature:tailor:impl:transformDebugClassesWithAsm UP-TO-DATE
> Task :feature:tailor:impl:bundleLibRuntimeToJarDebug UP-TO-DATE
> Task :feature:tailor:impl:bundleLibCompileToJarDebug
> Task :feature:tailor:impl:kspDebugUnitTestKotlin
> Task :feature:tailor:impl:compileDebugUnitTestKotlin
> Task :feature:tailor:impl:compileDebugUnitTestJavaWithJavac NO-SOURCE
> Task :feature:tailor:impl:hiltCollectClassesDebugUnitTest
> Task :feature:tailor:impl:processDebugUnitTestJavaRes UP-TO-DATE
> Task :feature:tailor:impl:hiltAggregateDepsDebugUnitTest UP-TO-DATE
> Task :feature:tailor:impl:hiltJavaCompileDebugUnitTest NO-SOURCE
> Task :feature:tailor:impl:transformDebugUnitTestClassesWithAsm
> Task :feature:tailor:impl:testDebugUnitTest
> Task :feature:tailor:impl:recordRoborazziDebug
> Task :feature:tailor:impl:finalizeTestRoborazziDebug

BUILD SUCCESSFUL in 44s
243 actionable tasks: 19 executed, 224 up-to-date
Configuration cache entry reused.
